------------------------------------------------------------
TimeQuest Timing Analyzer Summary
------------------------------------------------------------

Type  : Slow Model Setup 'CLOCK_50'
Slack : -8.032
TNS   : -124.127

Type  : Slow Model Setup 'up_clocks_0|DE_Clock_Generator_System|pll|clk[1]'
Slack : 8.191
TNS   : 0.000

Type  : Slow Model Setup 'up_clocks_0|DE_Clock_Generator_System|pll|clk[2]'
Slack : 9.517
TNS   : 0.000

Type  : Slow Model Hold 'CLOCK_50'
Slack : -2.279
TNS   : -38.224

Type  : Slow Model Hold 'up_clocks_0|DE_Clock_Generator_System|pll|clk[1]'
Slack : 0.445
TNS   : 0.000

Type  : Slow Model Hold 'up_clocks_0|DE_Clock_Generator_System|pll|clk[2]'
Slack : 0.445
TNS   : 0.000

Type  : Slow Model Minimum Pulse Width 'CLOCK_50'
Slack : 8.889
TNS   : 0.000

Type  : Slow Model Minimum Pulse Width 'up_clocks_0|DE_Clock_Generator_System|pll|clk[1]'
Slack : 8.889
TNS   : 0.000

Type  : Slow Model Minimum Pulse Width 'up_clocks_0|DE_Clock_Generator_System|pll|clk[2]'
Slack : 18.889
TNS   : 0.000

Type  : Fast Model Setup 'CLOCK_50'
Slack : 3.707
TNS   : 0.000

Type  : Fast Model Setup 'up_clocks_0|DE_Clock_Generator_System|pll|clk[1]'
Slack : 12.575
TNS   : 0.000

Type  : Fast Model Setup 'up_clocks_0|DE_Clock_Generator_System|pll|clk[2]'
Slack : 14.984
TNS   : 0.000

Type  : Fast Model Hold 'CLOCK_50'
Slack : -1.978
TNS   : -36.552

Type  : Fast Model Hold 'up_clocks_0|DE_Clock_Generator_System|pll|clk[1]'
Slack : 0.215
TNS   : 0.000

Type  : Fast Model Hold 'up_clocks_0|DE_Clock_Generator_System|pll|clk[2]'
Slack : 0.215
TNS   : 0.000

Type  : Fast Model Minimum Pulse Width 'CLOCK_50'
Slack : 9.000
TNS   : 0.000

Type  : Fast Model Minimum Pulse Width 'up_clocks_0|DE_Clock_Generator_System|pll|clk[1]'
Slack : 9.000
TNS   : 0.000

Type  : Fast Model Minimum Pulse Width 'up_clocks_0|DE_Clock_Generator_System|pll|clk[2]'
Slack : 19.000
TNS   : 0.000

------------------------------------------------------------
