------------------------------------------------------------
TimeQuest Timing Analyzer Summary
------------------------------------------------------------

Type  : Slow Model Setup 'CLOCK_50'
Slack : -7.872
TNS   : -123.754

Type  : Slow Model Setup 'up_clocks_0|DE_Clock_Generator_System|pll|clk[1]'
Slack : 8.095
TNS   : 0.000

Type  : Slow Model Hold 'CLOCK_50'
Slack : 0.445
TNS   : 0.000

Type  : Slow Model Hold 'up_clocks_0|DE_Clock_Generator_System|pll|clk[1]'
Slack : 0.445
TNS   : 0.000

Type  : Slow Model Minimum Pulse Width 'CLOCK_50'
Slack : 8.889
TNS   : 0.000

Type  : Slow Model Minimum Pulse Width 'up_clocks_0|DE_Clock_Generator_System|pll|clk[1]'
Slack : 8.889
TNS   : 0.000

Type  : Fast Model Setup 'CLOCK_50'
Slack : 3.619
TNS   : 0.000

Type  : Fast Model Setup 'up_clocks_0|DE_Clock_Generator_System|pll|clk[1]'
Slack : 13.515
TNS   : 0.000

Type  : Fast Model Hold 'CLOCK_50'
Slack : 0.215
TNS   : 0.000

Type  : Fast Model Hold 'up_clocks_0|DE_Clock_Generator_System|pll|clk[1]'
Slack : 0.215
TNS   : 0.000

Type  : Fast Model Minimum Pulse Width 'CLOCK_50'
Slack : 9.000
TNS   : 0.000

Type  : Fast Model Minimum Pulse Width 'up_clocks_0|DE_Clock_Generator_System|pll|clk[1]'
Slack : 9.000
TNS   : 0.000

------------------------------------------------------------
